#0 building with "default" instance using docker driver

#1 [internal] load build definition from Dockerfile
#1 DONE 0.0s

#1 [internal] load build definition from Dockerfile
#1 transferring dockerfile: 2.51kB done
#1 DONE 0.0s

#2 [internal] load metadata for nvcr.io/nvidia/tritonserver:25.01-py3
#2 DONE 0.0s

#3 [internal] load .dockerignore
#3 transferring context: 2B done
#3 DONE 0.0s

#4 [1/8] FROM nvcr.io/nvidia/tritonserver:25.01-py3@sha256:eea017611e2231da3a06d1cf47b73efdfe4811a313001cb12f4efe13b1418134
#4 resolve nvcr.io/nvidia/tritonserver:25.01-py3@sha256:eea017611e2231da3a06d1cf47b73efdfe4811a313001cb12f4efe13b1418134 0.0s done
#4 DONE 0.0s

#5 [internal] load build context
#5 transferring context: 96B done
#5 DONE 0.0s

#6 [5/8] RUN git clone --depth 1 https://github.com/k2-fsa/ZipVoice.git /opt/ZipVoice
#6 CACHED

#7 [6/8] RUN pip install --no-cache-dir -r /opt/ZipVoice/requirements.txt
#7 CACHED

#8 [4/8] RUN pip install --no-cache-dir --index-url https://download.pytorch.org/whl/cu124         torch==2.5.1 torchaudio==2.5.1
#8 CACHED

#9 [7/8] RUN pip install --no-cache-dir         onnxruntime-gpu==1.20.2         sentencepiece==0.2.0         urllib3
#9 CACHED

#10 [2/8] RUN apt-get update && apt-get install -y --no-install-recommends         espeak-ng espeak-ng-data git     && rm -rf /var/lib/apt/lists/*
#10 CACHED

#11 [3/8] COPY constraints.txt /etc/pip-constraints.txt
#11 CACHED

#12 [8/8] RUN python3 -c "import numpy; assert numpy.__version__.startswith('1.'), numpy.__version__"     && python3 -c "import torch, torchaudio, onnxruntime, sentencepiece, vocos, soundfile"     && python3 -c "from zipvoice.bin.infer_zipvoice import generate_sentence, get_vocoder; print('deps ok')"
#12 CACHED

#13 exporting to image
#13 exporting layers done
#13 exporting manifest sha256:30838ebbca7cdda3ba827a1604c3ad1b621ff588515eb6300e67fc98e928befc done
#13 exporting config sha256:e63ed9e9f02b20e9f80952422b2024cde5ffa0484986eb18aaa349d5a677ed35 done
#13 exporting attestation manifest sha256:361b08e60d32a9551773c84897d0e69f6cdf32b970f81bbf751cad5a7ece8608
#13 exporting attestation manifest sha256:361b08e60d32a9551773c84897d0e69f6cdf32b970f81bbf751cad5a7ece8608 done
#13 exporting manifest list sha256:f593d2dca92bcba640ef34a852a4197c6d55cdeb5b32c0c0d3174839bb2b5a41 done
#13 naming to docker.io/library/triton-voice:latest done
#13 unpacking to docker.io/library/triton-voice:latest done
#13 DONE 0.1s

=============================
== Triton Inference Server ==
=============================

NVIDIA Release 25.01 (build 136230209)
Triton Server Version 2.54.0

Copyright (c) 2018-2024, NVIDIA CORPORATION & AFFILIATES.  All rights reserved.

Various files include modifications (c) NVIDIA CORPORATION & AFFILIATES.  All rights reserved.

This container image and its contents are governed by the NVIDIA Deep Learning Container License.
By pulling and using the container, you accept the terms and conditions of this license:
https://developer.nvidia.com/ngc/nvidia-deep-learning-container-license

I0809 05:34:19.023524 1 pinned_memory_manager.cc:277] "Pinned memory pool is created at '0x10008c00000' with size 268435456"
I0809 05:34:19.025584 1 cuda_memory_manager.cc:107] "CUDA memory pool is created on device 0 with size 67108864"
I0809 05:34:19.029754 1 model_lifecycle.cc:473] "loading: asr_scorer:1"
I0809 05:34:19.029774 1 model_lifecycle.cc:473] "loading: tts:1"
I0809 05:34:19.029787 1 model_lifecycle.cc:473] "loading: asr_feature:1"
I0809 05:34:19.029798 1 model_lifecycle.cc:473] "loading: asr_encoder:1"
I0809 05:34:19.032195 1 onnxruntime.cc:2875] "TRITONBACKEND_Initialize: onnxruntime"
I0809 05:34:19.032209 1 onnxruntime.cc:2885] "Triton TRITONBACKEND API version: 1.19"
I0809 05:34:19.032212 1 onnxruntime.cc:2891] "'onnxruntime' TRITONBACKEND API version: 1.19"
I0809 05:34:19.032215 1 onnxruntime.cc:2921] "backend configuration:\n{\"cmdline\":{\"auto-complete-config\":\"true\",\"backend-directory\":\"/opt/tritonserver/backends\",\"min-compute-capability\":\"6.000000\",\"default-max-batch-size\":\"4\"}}"
I0809 05:34:19.049659 1 onnxruntime.cc:2986] "TRITONBACKEND_ModelInitialize: asr_encoder (version 1)"
I0809 05:34:19.050036 1 onnxruntime.cc:984] "skipping model configuration auto-complete for 'asr_encoder': inputs and outputs already specified"
I0809 05:34:19.050582 1 onnxruntime.cc:3051] "TRITONBACKEND_ModelInstanceInitialize: asr_encoder_0_0 (GPU device 0)"
[0;93m2026-08-09 05:34:19.749636850 [W:onnxruntime:, transformer_memcpy.cc:74 ApplyImpl] 4 Memcpy nodes are added to the graph sub_graph1 for CUDAExecutionProvider. It might have negative impact on performance (including unable to run CUDA graph). Set session_options.log_severity_level=1 to see the detail logs before this message.[m
[0;93m2026-08-09 05:34:19.750474570 [W:onnxruntime:, transformer_memcpy.cc:74 ApplyImpl] 4 Memcpy nodes are added to the graph sub_graph3 for CUDAExecutionProvider. It might have negative impact on performance (including unable to run CUDA graph). Set session_options.log_severity_level=1 to see the detail logs before this message.[m
[0;93m2026-08-09 05:34:19.751306586 [W:onnxruntime:, transformer_memcpy.cc:74 ApplyImpl] 4 Memcpy nodes are added to the graph sub_graph5 for CUDAExecutionProvider. It might have negative impact on performance (including unable to run CUDA graph). Set session_options.log_severity_level=1 to see the detail logs before this message.[m
[0;93m2026-08-09 05:34:19.752086559 [W:onnxruntime:, transformer_memcpy.cc:74 ApplyImpl] 4 Memcpy nodes are added to the graph sub_graph7 for CUDAExecutionProvider. It might have negative impact on performance (including unable to run CUDA graph). Set session_options.log_severity_level=1 to see the detail logs before this message.[m
[0;93m2026-08-09 05:34:19.752853063 [W:onnxruntime:, transformer_memcpy.cc:74 ApplyImpl] 4 Memcpy nodes are added to the graph sub_graph9 for CUDAExecutionProvider. It might have negative impact on performance (including unable to run CUDA graph). Set session_options.log_severity_level=1 to see the detail logs before this message.[m
[0;93m2026-08-09 05:34:19.753624272 [W:onnxruntime:, transformer_memcpy.cc:74 ApplyImpl] 4 Memcpy nodes are added to the graph sub_graph11 for CUDAExecutionProvider. It might have negative impact on performance (including unable to run CUDA graph). Set session_options.log_severity_level=1 to see the detail logs before this message.[m
[0;93m2026-08-09 05:34:19.780054000 [W:onnxruntime:, session_state.cc:1168 VerifyEachNodeIsAssignedToAnEp] Some nodes were not assigned to the preferred execution providers which may or may not have an negative impact on performance. e.g. ORT explicitly assigns shape related ops to CPU to improve perf.[m
[0;93m2026-08-09 05:34:19.780073796 [W:onnxruntime:, session_state.cc:1170 VerifyEachNodeIsAssignedToAnEp] Rerunning with verbose output on a non-minimal build will show node assignments.[m
I0809 05:34:19.947685 1 model_lifecycle.cc:849] "successfully loaded 'asr_encoder'"
I0809 05:34:20.317969 1 python_be.cc:2249] "TRITONBACKEND_ModelInstanceInitialize: asr_scorer_0_0 (GPU device 0)"
I0809 05:34:20.318002 1 python_be.cc:2249] "TRITONBACKEND_ModelInstanceInitialize: asr_scorer_0_1 (GPU device 0)"
WARNING:root:Failed import k2 with error No module named 'k2'. Swoosh functions will fallback to PyTorch implementation, leading to slower speed and higher memory consumption.
I0809 05:34:20.852337 1 model_lifecycle.cc:849] "successfully loaded 'asr_scorer'"
I0809 05:34:22.068111 1 python_be.cc:2249] "TRITONBACKEND_ModelInstanceInitialize: asr_feature_0_1 (CPU device 0)"
I0809 05:34:22.068174 1 python_be.cc:2249] "TRITONBACKEND_ModelInstanceInitialize: asr_feature_0_0 (CPU device 0)"
I0809 05:34:22.068176 1 python_be.cc:2249] "TRITONBACKEND_ModelInstanceInitialize: asr_feature_0_2 (CPU device 0)"
I0809 05:34:22.068188 1 python_be.cc:2249] "TRITONBACKEND_ModelInstanceInitialize: asr_feature_0_3 (CPU device 0)"
/usr/local/lib/python3.12/dist-packages/pydub/utils.py:170: RuntimeWarning: Couldn't find ffmpeg or avconv - defaulting to ffmpeg, but may not work
  warn("Couldn't find ffmpeg or avconv - defaulting to ffmpeg, but may not work", RuntimeWarning)
I0809 05:34:23.620755 1 model_lifecycle.cc:849] "successfully loaded 'asr_feature'"
I0809 05:34:24.616691 1 python_be.cc:2249] "TRITONBACKEND_ModelInstanceInitialize: tts_0_0 (GPU device 0)"
I0809 05:34:24.616708 1 python_be.cc:2249] "TRITONBACKEND_ModelInstanceInitialize: tts_0_1 (GPU device 0)"
I0809 05:34:24.616764 1 python_be.cc:2249] "TRITONBACKEND_ModelInstanceInitialize: tts_0_2 (GPU device 0)"
I0809 05:34:24.616828 1 python_be.cc:2249] "TRITONBACKEND_ModelInstanceInitialize: tts_0_3 (GPU device 0)"
WARNING:root:Failed import k2 with error No module named 'k2'. Swoosh functions will fallback to PyTorch implementation, leading to slower speed and higher memory consumption.
WARNING:root:Failed import k2 with error No module named 'k2'. Swoosh functions will fallback to PyTorch implementation, leading to slower speed and higher memory consumption.
WARNING:root:Failed import k2 with error No module named 'k2'. Swoosh functions will fallback to PyTorch implementation, leading to slower speed and higher memory consumption.
WARNING:root:Failed import k2 with error No module named 'k2'. Swoosh functions will fallback to PyTorch implementation, leading to slower speed and higher memory consumption.
/usr/local/lib/python3.12/dist-packages/pydub/utils.py:170: RuntimeWarning: Couldn't find ffmpeg or avconv - defaulting to ffmpeg, but may not work
  warn("Couldn't find ffmpeg or avconv - defaulting to ffmpeg, but may not work", RuntimeWarning)
/usr/local/lib/python3.12/dist-packages/pydub/utils.py:170: RuntimeWarning: Couldn't find ffmpeg or avconv - defaulting to ffmpeg, but may not work
  warn("Couldn't find ffmpeg or avconv - defaulting to ffmpeg, but may not work", RuntimeWarning)
/usr/local/lib/python3.12/dist-packages/pydub/utils.py:170: RuntimeWarning: Couldn't find ffmpeg or avconv - defaulting to ffmpeg, but may not work
  warn("Couldn't find ffmpeg or avconv - defaulting to ffmpeg, but may not work", RuntimeWarning)
/usr/local/lib/python3.12/dist-packages/pydub/utils.py:170: RuntimeWarning: Couldn't find ffmpeg or avconv - defaulting to ffmpeg, but may not work
  warn("Couldn't find ffmpeg or avconv - defaulting to ffmpeg, but may not work", RuntimeWarning)
I0809 05:34:33.085920 1 model_lifecycle.cc:849] "successfully loaded 'tts'"
I0809 05:34:33.086260 1 model_lifecycle.cc:473] "loading: asr:1"
I0809 05:34:33.086540 1 model_lifecycle.cc:849] "successfully loaded 'asr'"
I0809 05:34:33.086591 1 server.cc:604] 
+------------------+------+
| Repository Agent | Path |
+------------------+------+
+------------------+------+

I0809 05:34:33.086624 1 server.cc:631] 
+-------------+-----------------------------------------------------------------+---------------------------------------------------------------------------------------------------------------------------------------------------------------+
| Backend     | Path                                                            | Config                                                                                                                                                        |
+-------------+-----------------------------------------------------------------+---------------------------------------------------------------------------------------------------------------------------------------------------------------+
| python      | /opt/tritonserver/backends/python/libtriton_python.so           | {"cmdline":{"auto-complete-config":"true","backend-directory":"/opt/tritonserver/backends","min-compute-capability":"6.000000","default-max-batch-size":"4"}} |
| onnxruntime | /opt/tritonserver/backends/onnxruntime/libtriton_onnxruntime.so | {"cmdline":{"auto-complete-config":"true","backend-directory":"/opt/tritonserver/backends","min-compute-capability":"6.000000","default-max-batch-size":"4"}} |
+-------------+-----------------------------------------------------------------+---------------------------------------------------------------------------------------------------------------------------------------------------------------+

I0809 05:34:33.086676 1 server.cc:674] 
+-------------+---------+--------+
| Model       | Version | Status |
+-------------+---------+--------+
| asr         | 1       | READY  |
| asr_encoder | 1       | READY  |
| asr_feature | 1       | READY  |
| asr_scorer  | 1       | READY  |
| tts         | 1       | READY  |
+-------------+---------+--------+

I0809 05:34:33.124277 1 metrics.cc:890] "Collecting metrics for GPU 0: NVIDIA GeForce RTX 3050 Laptop GPU"
I0809 05:34:33.128131 1 metrics.cc:783] "Collecting CPU metrics"
I0809 05:34:33.129654 1 tritonserver.cc:2598] 
+----------------------------------+-----------------------------------------------------------------------------------------------------------------------------------------------------------------------------------------------------------------+
| Option                           | Value                                                                                                                                                                                                           |
+----------------------------------+-----------------------------------------------------------------------------------------------------------------------------------------------------------------------------------------------------------------+
| server_id                        | triton                                                                                                                                                                                                          |
| server_version                   | 2.54.0                                                                                                                                                                                                          |
| server_extensions                | classification sequence model_repository model_repository(unload_dependents) schedule_policy model_configuration system_shared_memory cuda_shared_memory binary_tensor_data parameters statistics trace logging |
| model_repository_path[0]         | /models                                                                                                                                                                                                         |
| model_control_mode               | MODE_NONE                                                                                                                                                                                                       |
| strict_model_config              | 0                                                                                                                                                                                                               |
| model_config_name                |                                                                                                                                                                                                                 |
| rate_limit                       | OFF                                                                                                                                                                                                             |
| pinned_memory_pool_byte_size     | 268435456                                                                                                                                                                                                       |
| cuda_memory_pool_byte_size{0}    | 67108864                                                                                                                                                                                                        |
| min_supported_compute_capability | 6.0                                                                                                                                                                                                             |
| strict_readiness                 | 1                                                                                                                                                                                                               |
| exit_timeout                     | 30                                                                                                                                                                                                              |
| cache_enabled                    | 0                                                                                                                                                                                                               |
+----------------------------------+-----------------------------------------------------------------------------------------------------------------------------------------------------------------------------------------------------------------+

I0809 05:34:33.137474 1 grpc_server.cc:2558] "Started GRPCInferenceService at 0.0.0.0:8001"
I0809 05:34:33.137679 1 http_server.cc:4725] "Started HTTPService at 0.0.0.0:8000"
I0809 05:34:33.179897 1 http_server.cc:358] "Started Metrics Service at 0.0.0.0:8002"
W0809 05:34:34.129936 1 metrics.cc:644] "Unable to get power limit for GPU 0. Status:Success, value:0.000000"
W0809 05:34:35.135518 1 metrics.cc:644] "Unable to get power limit for GPU 0. Status:Success, value:0.000000"
W0809 05:34:36.136001 1 metrics.cc:644] "Unable to get power limit for GPU 0. Status:Success, value:0.000000"
